nohup: 忽略输入
WARNING:__main__:
*****************************************
Setting OMP_NUM_THREADS environment variable for each process to be 1 in default, to avoid your system being overloaded, please further tune the variable for optimal performance in your application as needed. 
*****************************************
| distributed init (rank 0): env://, gpu 0
| distributed init (rank 1): env://, gpu 1
Namespace(jpeg_factor=None, blur_sigma=None, mask_ratio=None, mask_patch_size=None, transform_mode='ori', batch_size=32, epochs=100, update_freq=1, model='SAFE', input_size=256, layer_decay_type='single', model_ema=False, model_ema_decay=0.9999, model_ema_force_cpu=False, model_ema_eval=False, clip_grad=None, weight_decay=0.05, lr=None, blr=0.0005, layer_decay=1.0, min_lr=1e-06, warmup_epochs=20, warmup_steps=-1, opt='adamw', opt_eps=1e-08, opt_betas=None, momentum=0.9, weight_decay_end=None, smoothing=0.1, mixup=0.0, cutmix=0.0, cutmix_minmax=None, mixup_prob=1.0, mixup_switch_prob=0.5, mixup_mode='batch', pretrained=True, global_pool=True, head_init_scale=0.001, model_key='model|module', model_prefix='', num_train=10000000000, data_path='', nb_classes=2, output_dir='/home/yiruolei/project/SAFE/results/仅设置trans和resnet/20250326_113217/eval', log_dir=None, device='cuda', seed=None, resume='/home/yiruolei/project/SAFE/results/仅设置trans和resnet/20250326_113217/checkpoint-best.pth', eval_data_path='/home/yiruolei/ALLDATASET/GenImage', imagenet_default_mean_and_std=True, data_set='IMNET', auto_resume=True, save_ckpt=True, save_ckpt_freq=5, save_ckpt_num=100, start_epoch=0, eval=True, dist_eval=True, disable_eval=False, num_workers=16, pin_mem=True, crop_pct=None, world_size=2, local_rank=-1, dist_on_itp=False, dist_url='env://', use_amp=False, rank=0, gpu=0, distributed=True, dist_backend='nccl')
Number of params: 1.44M
Base lr: 5.00e-04
Actual lr: 1.25e-04
Accumulate grad iterations: 1
Effective batch size: 64
criterion = LabelSmoothingCrossEntropy()
Resume checkpoint /home/yiruolei/project/SAFE/results/仅设置trans和resnet/20250326_113217/checkpoint-best.pth
With optim & sched!
Eval only mode
vals = ['Midjourney', 'stable_diffusion_v_1_4', 'stable_diffusion_v_1_5', 'ADM', 'Glide', 'wukong', 'VQDM', 'BigGAN']
数据集列表: ['/home/yiruolei/ALLDATASET/GenImage/Midjourney']
测试数据大小 12000
Test:  [  0/188]  eta: 0:27:42  loss: 0.0681 (0.0681)  acc1: 1.0000 (1.0000)  time: 8.8414
Test:  [187/188]  eta: 0:00:00  loss: 0.3919 (0.2573)  acc1: 0.8125 (0.8947)  time: 0.5385
Test: Total time: 0:01:35 (1.5101 s / it)
* Acc@1 89.30% loss 0.2600
Accuracy of the network on 12000 test images: 89.30%
test dataset is Midjourney acc: 89.30%, ap: 99.20%
***********************************
数据集列表: ['/home/yiruolei/ALLDATASET/GenImage/stable_diffusion_v_1_4']
测试数据大小 12000
Test:  [  0/188]  eta: 0:17:50  loss: 0.0774 (0.0774)  acc1: 1.0000 (1.0000)  time: 5.6939
Test:  [187/188]  eta: 0:00:00  loss: 0.0629 (0.0672)  acc1: 1.0000 (0.9963)  time: 0.1760
Test: Total time: 0:00:43 (1.2300 s / it)
* Acc@1 99.70% loss 0.0669
Accuracy of the network on 12000 test images: 99.70%
test dataset is stable_diffusion_v_1_4 acc: 99.70%, ap: 100.00%
***********************************
数据集列表: ['/home/yiruolei/ALLDATASET/GenImage/stable_diffusion_v_1_5']
测试数据大小 16000
Test:  [  0/250]  eta: 0:16:52  loss: 0.0808 (0.0808)  acc1: 1.0000 (1.0000)  time: 4.0512
Test:  [249/250]  eta: 0:00:00  loss: 0.0666 (0.0690)  acc1: 1.0000 (0.9969)  time: 0.1862
Test: Total time: 0:00:57 (1.2284 s / it)
* Acc@1 99.61% loss 0.0702
Accuracy of the network on 16000 test images: 99.61%
test dataset is stable_diffusion_v_1_5 acc: 99.61%, ap: 99.93%
***********************************
数据集列表: ['/home/yiruolei/ALLDATASET/GenImage/ADM']
测试数据大小 12000
Test:  [  0/188]  eta: 0:12:07  loss: 0.0566 (0.0566)  acc1: 1.0000 (1.0000)  time: 3.8704
Test:  [187/188]  eta: 0:00:00  loss: 0.5710 (0.2726)  acc1: 0.7500 (0.8885)  time: 0.1709
Test: Total time: 0:00:40 (1.2154 s / it)
* Acc@1 89.12% loss 0.2645
Accuracy of the network on 12000 test images: 89.12%
test dataset is ADM acc: 89.12%, ap: 98.73%
***********************************
数据集列表: ['/home/yiruolei/ALLDATASET/GenImage/Glide']
